// Jest Snapshot v1, https://goo.gl/fbAQLP

exports[`BlogPosts/index.vue BlogPost Component renders 1`] = `
<div>
  <div class="heading">
    <v-icon-stub size="3rem">
      ballot
    </v-icon-stub>
    <h1 class="primary--text">
      Blog Posts
    </h1>
  </div>
  <v-card-stub tag="div" class="postsContainer"></v-card-stub>
</div>
`;
